2026-03-27 17:41:56	dev_superman	最近一月富国基金表现最好的三只产品？
2026-03-27 17:58:58	dev_superman	最近一月富国基金表现最好的三只产品？
2026-03-27 17:59:51	dev_superman	最近一月富国基金表现最好的三只产品？
2026-03-27 18:01:39	dev_superman	帮我查询下cdm.dim_prod_dmns这张表？
2026-03-27 18:05:39	dev_superman	帮我查询下cdm.dim_prod_dmns这张表？
2026-03-27 18:16:22	dev_superman	帮我查询下cdm.dim_prod_dmns这张表？
2026-03-27 18:24:06	dev_superman	帮我查询下cdm.dim_prod_dmns这张表？
2026-03-30 10:05:25	dev_superman	帮我查询下cdm.dim_prod_dmns这张表？
2026-03-30 10:06:09	dev_superman	帮我查询下cdm.dim_prod_dmns这张表？
2026-03-30 10:07:08	dev_superman	帮我查询下cdm.dim_prod_dmns这张表？
2026-03-30 10:07:41	dev_superman	帮我查询下cdm.dim_prod_dmns这张表？
2026-03-30 10:33:38	dev_superman	帮我查询下cdm.dim_prod_dmns这张表？
2026-03-30 10:34:21	dev_superman	帮我查询下cdm.dim_prod_dmns这张表？
2026-03-30 10:35:46	dev_superman	帮我查询下cdm.dim_prod_dmns这张表？
2026-03-30 10:37:30	dev_superman	帮我查询下cdm.dim_prod_dmns这张表？ 直接查询表，不要查询视图
2026-03-30 10:39:09	dev_superman	帮我查询下cdm.dim_prod_dmns这张表？ 严格按照要求，直接查询表，不要查询dtlab_r视图
2026-03-30 10:40:35	lujunting	帮我查询下cdm.dim_prod_dmns这张表？ 严格按照要求，直接查询表，不要查询dtlab_r视图
2026-03-30 14:29:20	lujunting	帮我查询下cdm.dim_prod_dmns这张表？ 严格按照要求，直接查询表，不要查询dtlab_r视图
2026-03-30 14:31:11	lujunting	帮我查询下cdm.dim_prod_dmns这张表？ 严格按照要求，直接查询表，不要查询dtlab_r视图
2026-03-30 14:32:39	lujunting	帮我查询下cdm.dim_prod_dmns这张表？ 严格按照要求，直接查询表，不要查询dtlab_r视图
2026-03-30 14:32:52	lujunting	帮我查询下cdm.dim_prod_dmns这张表？ 严格按照要求，直接查询表，不要查询dtlab_r视图
2026-03-30 14:41:10	lujunting	帮我查询下cdm.dim_prod_dmns这张表？ 严格按照要求，直接查询表，不要查询dtlab_r视图
2026-03-30 14:45:00	lujunting	帮我查询下cdm.dim_prod_dmns这张表？ 严格按照要求，直接查询表，不要查询dtlab_r视图
2026-03-30 14:51:14	dev_superman	帮我查询下cdm.dim_prod_dmns这张表？ 严格按照要求，直接查询表，不要查询dtlab_r视图
2026-03-30 15:01:17	dev_superman	帮我查询下cdm.dim_prod_dmns这张表？ 严格按照要求，直接查询表，不要查询dtlab_r视图
2026-03-30 15:41:20	dev_superman	帮我查询下cdm.dim_prod_dmns这张表？ 严格按照要求，直接查询表，不要查询dtlab_r视图
2026-03-30 15:44:15	dev_superman	帮我查询下cdm.dim_extn_prod_dmns这张表？ 严格按照要求，直接查询表，不要查询dtlab_r视图
2026-03-30 15:47:16	dev_superman	帮我查询下cdm.dim_extn_prod_dmns这张表？ 严格按照要求，直接查询表，不要查询dtlab_r视图
2026-03-30 15:52:07	dev_superman	帮我查询下cdm.dim_extn_prod_dmns这张表？ 严格按照要求，直接查询表，不要查询dtlab_r视图
2026-03-30 15:53:56	lujunting	帮我查询下cdm.dim_extn_prod_dmns这张表？ 严格按照要求，直接查询表，不要查询dtlab_r视图
2026-04-01 15:50:49	lujunting	帮我查询下cdm.dim_extn_prod_dmns这张表？ 严格按照要求，直接查询表，不要查询dtlab_r视图
2026-04-01 19:29:18	lujunting	帮我查询下cdm.dim_extn_prod_dmns这张表？ 严格按照要求，直接查询表，不要查询dtlab_r视图
2026-04-02 15:43:30	lujunting	帮我查询下dtlab_r.v_dim_prod_dmns这张表的一条数据，只用输出prod_cd？
2026-04-02 15:44:15	jiangjunhua	帮我查询下dtlab_r.v_dim_prod_dmns这张表的一条数据，只用输出prod_cd？
2026-04-15 14:51:47	baoyaoyao	你是谁
2026-04-15 14:53:43	baoyaoyao	你是谁
2026-04-15 14:56:28	baoyaoyao	你是谁
2026-04-15 14:57:15	baoyaoyao	你是谁
2026-04-15 14:59:25	baoyaoyao	你是谁
2026-04-15 15:05:05	baoyaoyao	你是谁
2026-04-15 15:31:09	baoyaoyao	你是谁
2026-04-15 15:46:50	baoyaoyao	你是谁
2026-04-15 16:20:15	baoyaoyao	你是谁
2026-04-15 16:24:02	baoyaoyao	你是谁
2026-04-15 16:24:53	baoyaoyao	你是谁
2026-04-15 16:29:33	baoyaoyao	你是谁
2026-04-15 16:39:25	baoyaoyao	你是谁
2026-04-15 17:17:56	baoyaoyao	你是谁
2026-04-15 17:31:09	baoyaoyao	你是谁
2026-04-15 17:33:42	baoyaoyao	你是谁
2026-04-15 17:38:26	baoyaoyao	你是谁
2026-04-15 17:45:27	baoyaoyao	你是谁
2026-04-15 17:48:46	baoyaoyao	你是谁
2026-04-15 18:03:01	baoyaoyao	你是谁
2026-04-15 18:05:24	baoyaoyao	你是谁
2026-04-15 18:07:10	baoyaoyao	你是谁
2026-04-15 18:16:59	baoyaoyao	你是谁
2026-04-15 19:40:48	baoyaoyao	你是谁
2026-04-15 19:44:32	baoyaoyao	你是谁
2026-04-15 19:47:19	baoyaoyao	你是谁
2026-04-15 19:48:24	baoyaoyao	你是谁
2026-04-15 19:53:48	baoyaoyao	你是谁
2026-04-15 19:54:57	baoyaoyao	你是谁
2026-04-15 19:57:04	baoyaoyao	你是谁
2026-04-15 20:01:16	baoyaoyao	你是谁
2026-04-15 20:04:47	baoyaoyao	你是谁
2026-04-15 20:08:53	baoyaoyao	你是谁
